C51 COMPILER V9.60.7.0   MUSIC                                                             09/30/2026 13:15:47 PAGE 1   


C51 COMPILER V9.60.7.0, COMPILATION OF MODULE MUSIC
OBJECT MODULE PLACED IN music.OBJ
COMPILER INVOKED BY: D:\Keil5\C51\BIN\C51.exe music.c

line level    source

   1          /* Buzzer music engine for the STC89C52RC (11.0592 MHz).
   2           *
   3           * Timer 0 makes the square wave on P2.5.  Timer 1 supplies a 1 ms clock and
   4           * the game clock; the foreground calls Music_Run() against absolute note
   5           * deadlines.  P2.5 is also LCD1602 RW, so the renderer mutes Timer 0 briefly
   6           * while it transfers a frame. */
   7          
   8          #include <REGX52.H>
   9          #include "music.h"
  10          #include "songs.h"
  11          
  12          sbit BEEP = P2^5;
  13          
  14          static unsigned char code *song;
  15          static unsigned int  idx;
  16          static unsigned char state;
  17          static unsigned char phase;       /* 0 = sounding, 1 = silent gap */
  18          static unsigned char unit_ms;
  19          static unsigned int  gap_ms;
  20          static unsigned int  half_period;
  21          /* Timer 1 owns the millisecond clock.  The foreground music scheduler uses
  22           * this clock and an absolute deadline, so a long LCD transaction does not
  23           * stretch the tune and the interrupt never calls into the C51 state machine. */
  24          static unsigned int  music_time_ms;
  25          static unsigned int  music_deadline_ms;
  26          static unsigned int  music_clock_tick;
  27          static unsigned char clock_div;
  28          static unsigned char display_muted;
  29          
  30          unsigned int g_ui_ms;
  31          
  32          void Timer0_ISR(void) interrupt 1
  33          {
  34   1          TH0 = (unsigned char)(half_period >> 8);
  35   1          TL0 = (unsigned char)half_period;
  36   1          BEEP = !BEEP;
  37   1      }
  38          
  39          void Timer1_ISR(void) interrupt 3
  40          {
  41   1          TH1 = 0xFC;
  42   1          TL1 = 0x67;
  43   1          if (state == MUS_PLAY)
  44   1          {
  45   2              music_time_ms++;
  46   2              if (++clock_div >= 4)
  47   2              {
  48   3                  clock_div = 0;
  49   3                  music_clock_tick++;
  50   3              }
  51   2          }
  52   1          if (g_ui_ms != 0) g_ui_ms--;
  53   1      }
  54          
  55          static void Tone_On(unsigned char note)
C51 COMPILER V9.60.7.0   MUSIC                                                             09/30/2026 13:15:47 PAGE 2   

  56          {
  57   1          unsigned char saved_ea = EA;
  58   1      
  59   1          /* half_period is read by Timer 0.  Keep the 16-bit update and reload
  60   1           * atomic; otherwise a Timer 0 interrupt can observe one old and one new
  61   1           * byte and produce an invalid/repeating tone. */
  62   1          EA = 0;
  63   1          if (note >= 37)
  64   1          {
  65   2              EA = saved_ea;
  66   2              return;
  67   2          }
  68   1          half_period = TONE[note];
  69   1          TH0 = (unsigned char)(half_period >> 8);
  70   1          TL0 = (unsigned char)half_period;
  71   1          if (!display_muted) TR0 = 1;
  72   1          EA = saved_ea;
  73   1      }
  74          
  75          static void Tone_Off(void)
  76          {
  77   1          unsigned char saved_ea = EA;
  78   1      
  79   1          EA = 0;
  80   1          TR0  = 0;
  81   1          BEEP = 0;
  82   1          EA = saved_ea;
  83   1      }
  84          
  85          static void Start_Event_At(unsigned int start_ms)
  86          {
  87   1          unsigned char note;
  88   1          unsigned char units;
  89   1          unsigned int  ms;
  90   1      
  91   1          /* Every caller checks the terminator first, but keep this guard here as
  92   1           * well so a damaged index can only stop the song instead of indexing
  93   1           * outside the code table and jumping to a random result page. */
  94   1          if (song == 0 || idx >= 65534U || song[idx] == N_END)
  95   1          {
  96   2              state = MUS_STOP;
  97   2              gap_ms = 0;
  98   2              Tone_Off();
  99   2              return;
 100   2          }
 101   1      
 102   1          note  = song[idx];
 103   1          units = song[idx + 1];
 104   1          idx += 2;
 105   1          ms = (unsigned int)units * unit_ms;
 106   1      
 107   1          if (note == N_REST)
 108   1          {
 109   2              Tone_Off();
 110   2              phase    = 1;
 111   2              gap_ms   = ms;
 112   2              music_deadline_ms = (unsigned int)(start_ms + ms);
 113   2              return;
 114   2          }
 115   1      
 116   1          if (note >= 37)
 117   1          {
C51 COMPILER V9.60.7.0   MUSIC                                                             09/30/2026 13:15:47 PAGE 3   

 118   2              state = MUS_STOP;
 119   2              gap_ms = 0;
 120   2              Tone_Off();
 121   2              return;
 122   2          }
 123   1      
 124   1          /* Keep a visible, quiet bus window after every note.  The minimum is
 125   1           * deliberately a little longer than the fast LCD frame transaction. */
 126   1          gap_ms = ms >> 4;
 127   1          if (gap_ms < 8) gap_ms = 8;
 128   1          if (gap_ms > (ms >> 1)) gap_ms = ms >> 1;
 129   1      
 130   1          Tone_On(note);
 131   1          phase    = 0;
 132   1          music_deadline_ms = (unsigned int)(start_ms + ms - gap_ms);
 133   1      }
 134          
 135          void Music_Init(void)
 136          {
 137   1          TMOD = 0x11;
 138   1      
 139   1          TR0  = 0;
 140   1          BEEP = 0;
 141   1      
 142   1          TH1  = 0xFC;
 143   1          TL1  = 0x67;
 144   1          TR1  = 1;
 145   1      
 146   1          music_time_ms  = 0;
 147   1          music_deadline_ms = 0;
 148   1          g_ui_ms        = 0;
 149   1          music_clock_tick = 0;
 150   1          clock_div = 0;
 151   1          display_muted   = 0;
 152   1          half_period    = TONE[24];
 153   1      
 154   1          ET0 = 1;
 155   1          ET1 = 1;
 156   1          /* Finish loading the first table before either timer can observe the
 157   1           * partially initialized song state. */
 158   1          EA  = 0;
 159   1          Music_Load(0);
 160   1          EA  = 1;
 161   1      }
 162          
 163          void Music_Load(unsigned char s)
 164          {
 165   1          unsigned char saved_ea = EA;
 166   1      
 167   1          EA = 0;
 168   1          if (s >= SONG_COUNT) s = 0;
 169   1      
 170   1          song           = (s == 0) ? SONG0 : SONG1;
 171   1          unit_ms        = SONG_UNITMS[s];
 172   1          idx            = 0;
 173   1          phase          = 0;
 174   1          music_time_ms  = 0;
 175   1          music_deadline_ms = 0;
 176   1          music_clock_tick = 0;
 177   1          clock_div = 0;
 178   1          display_muted = 0;
 179   1          state          = MUS_STOP;
C51 COMPILER V9.60.7.0   MUSIC                                                             09/30/2026 13:15:47 PAGE 4   

 180   1          Tone_Off();
 181   1          EA = saved_ea;
 182   1      }
 183          
 184          unsigned char Music_State(void)  { return state;   }
 185          unsigned char Music_UnitMs(void) { return unit_ms; }
 186          
 187          /* A short atomic copy prevents a Timer 1 carry from producing a torn value. */
 188          unsigned int Music_ClockTick(void)
 189          {
 190   1          unsigned int value;
 191   1          unsigned char saved_ea = EA;
 192   1      
 193   1          EA = 0;
 194   1          value = music_clock_tick;
 195   1          EA = saved_ea;
 196   1          return value;
 197   1      }
 198          
 199          static unsigned int Music_TimeMs(void)
 200          {
 201   1          unsigned int value;
 202   1          unsigned char saved_ea = EA;
 203   1      
 204   1          EA = 0;
 205   1          value = music_time_ms;
 206   1          EA = saved_ea;
 207   1          return value;
 208   1      }
 209          
 210          static unsigned char Deadline_Reached(unsigned int now,
 211                                                unsigned int deadline)
 212          {
 213   1          /* All individual note phases are well below 32768 ms, so the signed
 214   1           * modulo comparison remains valid across the 16-bit clock wrap. */
 215   1          return (unsigned char)(((signed int)(now - deadline)) >= 0);
 216   1      }
 217          
 218          /* P2.5 is shared by the buzzer and LCD RW.  A complete pixel frame needs
 219           * several LCD transactions, so the game briefly mutes Timer 0 around that
 220           * transfer instead of waiting for the relatively infrequent note gaps. */
 221          void Music_DisplayBegin(void)
 222          {
 223   1          unsigned char saved_ea = EA;
 224   1      
 225   1          EA = 0;
 226   1          display_muted = 1;
 227   1          if (state == MUS_PLAY && phase == 0)
 228   1          {
 229   2              TR0  = 0;
 230   2              BEEP = 0;
 231   2          }
 232   1          EA = saved_ea;
 233   1      }
 234          
 235          void Music_DisplayEnd(void)
 236          {
 237   1          unsigned char saved_ea = EA;
 238   1      
 239   1          EA = 0;
 240   1          display_muted = 0;
 241   1          if (state == MUS_PLAY && phase == 0)
C51 COMPILER V9.60.7.0   MUSIC                                                             09/30/2026 13:15:47 PAGE 5   

 242   1          {
 243   2              TH0 = (unsigned char)(half_period >> 8);
 244   2              TL0 = (unsigned char)half_period;
 245   2              TR0 = 1;
 246   2          }
 247   1          EA = saved_ea;
 248   1      }
 249          
 250          unsigned char code *Music_Name(unsigned char s)
 251          {
 252   1          return (s == 0) ? SONG_NAME0 : SONG_NAME1;
 253   1      }
 254          
 255          void Music_Start(void)
 256          {
 257   1          unsigned char saved_ea;
 258   1      
 259   1          if (state == MUS_PLAY) return;
 260   1      
 261   1          saved_ea = EA;
 262   1          EA = 0;
 263   1      
 264   1          /* A start always begins a clean run.  MUS_PAUSE is not exposed by the
 265   1           * game, and treating it like STOP avoids resuming from a stale pointer. */
 266   1          idx            = 0;
 267   1          phase          = 0;
 268   1          music_time_ms  = 0;
 269   1          music_deadline_ms = 0;
 270   1          music_clock_tick = 0;
 271   1          clock_div = 0;
 272   1          state = MUS_PLAY;
 273   1      
 274   1          if (song == 0 || song[idx] == N_END)
 275   1          {
 276   2              state = MUS_STOP;
 277   2              EA = saved_ea;
 278   2              return;
 279   2          }
 280   1          Start_Event_At(0);
 281   1          EA = saved_ea;
 282   1      }
 283          
 284          void Music_Halt(void)
 285          {
 286   1          unsigned char saved_ea = EA;
 287   1      
 288   1          EA = 0;
 289   1          state    = MUS_STOP;
 290   1          music_deadline_ms = 0;
 291   1          display_muted = 0;
 292   1          Tone_Off();
 293   1          EA = saved_ea;
 294   1      }
 295          
 296          void Music_Run(void)
 297          {
 298   1          unsigned int now;
 299   1          unsigned char steps;
 300   1      
 301   1          if (state != MUS_PLAY) return;
 302   1      
 303   1          now = Music_TimeMs();
C51 COMPILER V9.60.7.0   MUSIC                                                             09/30/2026 13:15:47 PAGE 6   

 304   1      
 305   1          /* The loop normally executes once.  A bounded catch-up handles a
 306   1           * foreground LCD transfer that crossed several short phases while still
 307   1           * guaranteeing that a malformed table cannot trap the main loop.  Each
 308   1           * new deadline is based on the previous deadline, preserving the original
 309   1           * song tempo instead of restarting the phase from a late foreground time. */
 310   1          for (steps = 0; steps < 8; steps++)
 311   1          {
 312   2              if (!Deadline_Reached(now, music_deadline_ms)) return;
 313   2      
 314   2              if (phase == 0)
 315   2              {
 316   3                  Tone_Off();
 317   3                  phase = 1;
 318   3                  music_deadline_ms = (unsigned int)(music_deadline_ms + gap_ms);
 319   3                  continue;
 320   3              }
 321   2      
 322   2              if (song == 0 || song[idx] == N_END)
 323   2              {
 324   3                  state = MUS_STOP;
 325   3                  Tone_Off();
 326   3                  return;
 327   3              }
 328   2              Start_Event_At(music_deadline_ms);
 329   2              if (state != MUS_PLAY) return;
 330   2          }
 331   1      }


MODULE INFORMATION:   STATIC OVERLAYABLE
   CODE SIZE        =    835    ----
   CONSTANT SIZE    =   2361    ----
   XDATA SIZE       =   ----    ----
   PDATA SIZE       =   ----    ----
   DATA SIZE        =     21       6
   IDATA SIZE       =   ----    ----
   BIT SIZE         =   ----    ----
END OF MODULE INFORMATION.


C51 COMPILATION COMPLETE.  0 WARNING(S),  0 ERROR(S)
